// Jest Snapshot v1, https://goo.gl/fbAQLP

exports[`VueMapfit display matches snapshot using defaults 1`] = `
<div
  id="vue-mapfit"
/>
`;
